<?xml version="1.0" encoding="UTF-8"?>
<testsuites name="jest tests" tests="22" failures="0" errors="0" time="2.064">
  <testsuite name="processAlerts" errors="0" failures="0" skipped="0" timestamp="2026-01-08T23:43:00" time="1.29" tests="22">
    <testcase classname="processAlerts basic alert detection should convert NOTE alert syntax" name="processAlerts basic alert detection should convert NOTE alert syntax" time="0.087">
    </testcase>
    <testcase classname="processAlerts basic alert detection should convert TIP alert syntax" name="processAlerts basic alert detection should convert TIP alert syntax" time="0">
    </testcase>
    <testcase classname="processAlerts basic alert detection should convert IMPORTANT alert syntax" name="processAlerts basic alert detection should convert IMPORTANT alert syntax" time="0.001">
    </testcase>
    <testcase classname="processAlerts basic alert detection should convert WARNING alert syntax" name="processAlerts basic alert detection should convert WARNING alert syntax" time="0">
    </testcase>
    <testcase classname="processAlerts basic alert detection should convert CAUTION alert syntax" name="processAlerts basic alert detection should convert CAUTION alert syntax" time="0.001">
    </testcase>
    <testcase classname="processAlerts table handling should preserve table structure with consecutive rows" name="processAlerts table handling should preserve table structure with consecutive rows" time="0">
    </testcase>
    <testcase classname="processAlerts table handling should not insert blank lines between table rows" name="processAlerts table handling should not insert blank lines between table rows" time="0">
    </testcase>
    <testcase classname="processAlerts paragraph separation should preserve empty lines for paragraph separation" name="processAlerts paragraph separation should preserve empty lines for paragraph separation" time="0">
    </testcase>
    <testcase classname="processAlerts paragraph separation should handle multiple paragraphs" name="processAlerts paragraph separation should handle multiple paragraphs" time="0">
    </testcase>
    <testcase classname="processAlerts list handling should preserve bullet list structure" name="processAlerts list handling should preserve bullet list structure" time="0">
    </testcase>
    <testcase classname="processAlerts list handling should preserve numbered list structure" name="processAlerts list handling should preserve numbered list structure" time="0">
    </testcase>
    <testcase classname="processAlerts code block handling should not process alerts inside backtick code blocks" name="processAlerts code block handling should not process alerts inside backtick code blocks" time="0.001">
    </testcase>
    <testcase classname="processAlerts code block handling should not process alerts inside tilde code blocks" name="processAlerts code block handling should not process alerts inside tilde code blocks" time="0">
    </testcase>
    <testcase classname="processAlerts code block handling should process alerts after code block ends" name="processAlerts code block handling should process alerts after code block ends" time="0">
    </testcase>
    <testcase classname="processAlerts edge cases should handle alert with no content" name="processAlerts edge cases should handle alert with no content" time="0">
    </testcase>
    <testcase classname="processAlerts edge cases should handle regular blockquotes (not alerts)" name="processAlerts edge cases should handle regular blockquotes (not alerts)" time="0">
    </testcase>
    <testcase classname="processAlerts edge cases should handle multiple alerts in same document" name="processAlerts edge cases should handle multiple alerts in same document" time="0.001">
    </testcase>
    <testcase classname="postProcessAlerts should wrap alert markers with styled div" name="postProcessAlerts should wrap alert markers with styled div" time="0">
    </testcase>
    <testcase classname="postProcessAlerts should add background class when showBackgrounds is true" name="postProcessAlerts should add background class when showBackgrounds is true" time="0">
    </testcase>
    <testcase classname="postProcessAlerts should not add background class when showBackgrounds is false" name="postProcessAlerts should not add background class when showBackgrounds is false" time="0">
    </testcase>
    <testcase classname="postProcessAlerts should include correct title for each alert type" name="postProcessAlerts should include correct title for each alert type" time="0">
    </testcase>
    <testcase classname="postProcessAlerts should include icon images for light and dark themes" name="postProcessAlerts should include icon images for light and dark themes" time="0.001">
    </testcase>
  </testsuite>
</testsuites>